// Jest Snapshot v1, https://goo.gl/fbAQLP

exports[`Snapshot - Link Component should match snapshot 1`] = `
<g>
  <path
    onClick={[Function]}
    onContextMenu={[Function]}
    onKeyDown={[Function]}
    onMouseOut={[Function]}
    onMouseOver={[Function]}
    style={
      Object {
        "cursor": undefined,
        "fill": "none",
        "opacity": "1",
        "stroke": "red",
        "strokeWidth": "2",
      }
    }
  />
  <path
    id="clickHelper-undefined"
    onClick={[Function]}
    style={
      Object {
        "cursor": undefined,
        "opacity": 0,
        "stroke": "red",
        "strokeWidth": 12,
      }
    }
  />
</g>
`;
